* using log directory ‘/home/branimir/Documents/Projekti/BayesianDEB/BayesianDEB.Rcheck’
* using R version 4.5.2 (2025-10-31)
* using platform: x86_64-pc-linux-gnu
* R was compiled by
    gcc (Ubuntu 9.4.0-1ubuntu1~20.04.2) 9.4.0
    GNU Fortran (Ubuntu 9.4.0-1ubuntu1~20.04.2) 9.4.0
* running under: Ubuntu 22.04.5 LTS
* using session charset: UTF-8
* using option ‘--as-cran’
* checking for file ‘BayesianDEB/DESCRIPTION’ ... OK
* this is package ‘BayesianDEB’ version ‘0.2.0’
* package encoding: UTF-8
* checking CRAN incoming feasibility ... [6s/33s] INFO
Maintainer: ‘Branimir K. Hackenberger <branimir@sciom.hr>’

Suggests or Enhances not in mainstream repositories:
  cmdstanr
Availability using Additional_repositories specification:
  cmdstanr   yes   https://stan-dev.r-universe.dev
* checking package namespace information ... OK
* checking package dependencies ... OK
* checking if this is a source package ... OK
* checking if there is a namespace ... OK
* checking for executable files ... OK
* checking for hidden files and directories ... OK
* checking for portable file names ... OK
* checking for sufficient/correct file permissions ... OK
* checking whether package ‘BayesianDEB’ can be installed ... OK
* checking installed package size ... OK
* checking package directory ... OK
* checking for future file timestamps ... OK
* checking ‘build’ directory ... OK
* checking DESCRIPTION meta-information ... OK
* checking top-level files ... OK
* checking for left-over files ... OK
* checking index information ... OK
* checking package subdirectories ... OK
* checking code files for non-ASCII characters ... OK
* checking R files for syntax errors ... OK
* checking whether the package can be loaded ... OK
* checking whether the package can be loaded with stated dependencies ... OK
* checking whether the package can be unloaded cleanly ... OK
* checking whether the namespace can be loaded with stated dependencies ... OK
* checking whether the namespace can be unloaded cleanly ... OK
* checking loading without being on the library search path ... OK
* checking whether startup messages can be suppressed ... OK
* checking use of S3 registration ... OK
* checking dependencies in R code ... OK
* checking S3 generic/method consistency ... OK
* checking replacement functions ... OK
* checking foreign function calls ... OK
* checking R code for possible problems ... OK
* checking Rd files ... OK
* checking Rd metadata ... OK
* checking Rd line widths ... OK
* checking Rd cross-references ... OK
* checking for missing documentation entries ... OK
* checking for code/documentation mismatches ... OK
* checking Rd \usage sections ... OK
* checking Rd contents ... OK
* checking for unstated dependencies in examples ... OK
* checking contents of ‘data’ directory ... OK
* checking data for non-ASCII characters ... OK
* checking LazyData ... OK
* checking data for ASCII and uncompressed saves ... OK
* checking installed files from ‘inst/doc’ ... OK
* checking files in ‘vignettes’ ... OK
* checking examples ... OK
* checking examples with --run-donttest ... [18s/18s] OK
* checking for unstated dependencies in ‘tests’ ... OK
* checking tests ... [52s/52s] OK
  Running ‘testthat.R’ [52s/52s]
* checking for unstated dependencies in vignettes ... OK
* checking package vignettes ... OK
* checking re-building of vignette outputs ... [330s/212s] OK
* checking PDF version of manual ... OK
* checking HTML version of manual ... OK
* checking for non-standard things in the check directory ... OK
* checking for detritus in the temp directory ... OK
* DONE
Status: OK
