This is pdfTeX, Version 3.141592653-2.6-1.40.28 (TeX Live 2025) (preloaded format=pdflatex 2025.10.13)  9 APR 2026 09:32
entering extended mode
 restricted \write18 enabled.
 %&-line parsing enabled.
**\input ./Rd2.tex \input ./Rd2.tex \input ./Rd2.tex
(./Rd2.tex
(/usr/local/texlive/2025/texmf-dist/tex/latex/base/book.cls
Document Class: book 2025/01/22 v1.4n Standard LaTeX document class
(/usr/local/texlive/2025/texmf-dist/tex/latex/base/bk10.clo
File: bk10.clo 2025/01/22 v1.4n Standard LaTeX file (size option)
)
\c@part=\count275
\c@chapter=\count276
\c@section=\count277
\c@subsection=\count278
\c@subsubsection=\count279
\c@paragraph=\count280
\c@subparagraph=\count281
\c@figure=\count282
\c@table=\count283
\abovecaptionskip=\skip49
\belowcaptionskip=\skip50
\bibindent=\dimen148
)
(/usr/share/R/share/texmf/tex/latex/Rd.sty
Package: Rd 

(/usr/local/texlive/2025/texmf-dist/tex/latex/base/ifthen.sty
Package: ifthen 2024/03/16 v1.1e Standard LaTeX ifthen package (DPC)
)
(/usr/local/texlive/2025/texmf-dist/tex/generic/iftex/iftex.sty
Package: iftex 2024/12/12 v1.0g TeX engine tests
)
(/usr/local/texlive/2025/texmf-dist/tex/latex/tools/longtable.sty
Package: longtable 2024-12-18 v4.23 Multi-page Table package (DPC)
\LTleft=\skip51
\LTright=\skip52
\LTpre=\skip53
\LTpost=\skip54
\LTchunksize=\count284
\LTcapwidth=\dimen149
\LT@head=\box53
\LT@firsthead=\box54
\LT@foot=\box55
\LT@lastfoot=\box56
\LT@gbox=\box57
\LT@cols=\count285
\LT@rows=\count286
\c@LT@tables=\count287
\c@LT@chunks=\count288
\LT@p@ftn=\toks17
)
(/usr/local/texlive/2025/texmf-dist/tex/latex/tools/bm.sty
Package: bm 2023/12/19 v1.2f Bold Symbol Support (DPC/FMi)
\symboldoperators=\mathgroup4
\symboldletters=\mathgroup5
\symboldsymbols=\mathgroup6
Package bm Info: No bold for \OMX/cmex/m/n, using \pmb.
LaTeX Font Info:    Redeclaring math alphabet \mathbf on input line 149.
)
(/usr/local/texlive/2025/texmf-dist/tex/latex/base/alltt.sty
Package: alltt 2024/07/07 v2.0g defines alltt environment
)
(/usr/local/texlive/2025/texmf-dist/tex/latex/tools/verbatim.sty
Package: verbatim 2024-01-22 v1.5x LaTeX2e package for verbatim enhancements
\every@verbatim=\toks18
\verbatim@line=\toks19
\verbatim@in@stream=\read2
)
(/usr/local/texlive/2025/texmf-dist/tex/latex/url/url.sty
\Urlmuskip=\muskip17
Package: url 2013/09/16  ver 3.4  Verb mode for urls, etc.
)
(/usr/local/texlive/2025/texmf-dist/tex/latex/base/textcomp.sty
Package: textcomp 2024/04/24 v2.1b Standard LaTeX package
)
(/usr/local/texlive/2025/texmf-dist/tex/latex/amsmath/amsmath.sty
Package: amsmath 2025/06/16 v2.17y AMS math features
\@mathmargin=\skip55

For additional information on amsmath, use the `?' option.
(/usr/local/texlive/2025/texmf-dist/tex/latex/amsmath/amstext.sty
Package: amstext 2024/11/17 v2.01 AMS text

(/usr/local/texlive/2025/texmf-dist/tex/latex/amsmath/amsgen.sty
File: amsgen.sty 1999/11/30 v2.0 generic functions
\@emptytoks=\toks20
\ex@=\dimen150
))
(/usr/local/texlive/2025/texmf-dist/tex/latex/amsmath/amsbsy.sty
Package: amsbsy 1999/11/29 v1.2d Bold Symbols
LaTeX Info: Redefining \boldsymbol on input line 28.
\pmbraise@=\dimen151
)
(/usr/local/texlive/2025/texmf-dist/tex/latex/amsmath/amsopn.sty
Package: amsopn 2022/04/08 v2.04 operator names
)
\inf@bad=\count289
LaTeX Info: Redefining \frac on input line 233.
\uproot@=\count290
\leftroot@=\count291
LaTeX Info: Redefining \overline on input line 398.
LaTeX Info: Redefining \colon on input line 409.
\classnum@=\count292
\DOTSCASE@=\count293
LaTeX Info: Redefining \ldots on input line 495.
LaTeX Info: Redefining \dots on input line 498.
LaTeX Info: Redefining \cdots on input line 619.
\Mathstrutbox@=\box58
\strutbox@=\box59
LaTeX Info: Redefining \big on input line 721.
LaTeX Info: Redefining \Big on input line 722.
LaTeX Info: Redefining \bigg on input line 723.
LaTeX Info: Redefining \Bigg on input line 724.
\big@size=\dimen152
LaTeX Font Info:    Redeclaring font encoding OML on input line 742.
LaTeX Font Info:    Redeclaring font encoding OMS on input line 743.
\macc@depth=\count294
LaTeX Info: Redefining \bmod on input line 904.
LaTeX Info: Redefining \pmod on input line 909.
LaTeX Info: Redefining \smash on input line 939.
LaTeX Info: Redefining \relbar on input line 969.
LaTeX Info: Redefining \Relbar on input line 970.
\c@MaxMatrixCols=\count295
\dotsspace@=\muskip18
\c@parentequation=\count296
\dspbrk@lvl=\count297
\tag@help=\toks21
\row@=\count298
\column@=\count299
\maxfields@=\count300
\andhelp@=\toks22
\eqnshift@=\dimen153
\alignsep@=\dimen154
\tagshift@=\dimen155
\tagwidth@=\dimen156
\totwidth@=\dimen157
\lineht@=\dimen158
\@envbody=\toks23
\multlinegap=\skip56
\multlinetaggap=\skip57
\mathdisplay@stack=\toks24
LaTeX Info: Redefining \[ on input line 2949.
LaTeX Info: Redefining \] on input line 2950.
)
(/usr/local/texlive/2025/texmf-dist/tex/latex/amsfonts/amsfonts.sty
Package: amsfonts 2013/01/14 v3.01 Basic AMSFonts support
\symAMSa=\mathgroup7
\symAMSb=\mathgroup8
LaTeX Font Info:    Redeclaring math symbol \hbar on input line 98.
LaTeX Font Info:    Overwriting math alphabet `\mathfrak' in version `bold'
(Font)                  U/euf/m/n --> U/euf/b/n on input line 106.
)
(/usr/local/texlive/2025/texmf-dist/tex/latex/amsfonts/amssymb.sty
Package: amssymb 2013/01/14 v3.01 AMS font symbols
)
(/usr/local/texlive/2025/texmf-dist/tex/latex/jknapltx/mathrsfs.sty
Package: mathrsfs 1996/01/01 Math RSFS package v1.0 (jk)
\symrsfs=\mathgroup9
)
\ldescriptionwidth=\skip58

(/usr/local/texlive/2025/texmf-dist/tex/latex/base/fontenc.sty
Package: fontenc 2024/12/21 v2.1c Standard LaTeX package
)
(/usr/local/texlive/2025/texmf-dist/tex/latex/psnfss/times.sty
Package: times 2020/03/25 PSNFSS-v9.3 (SPQR) 
)
(/usr/local/texlive/2025/texmf-dist/tex/latex/inconsolata/zi4.sty
Package: zi4 2019/05/17 v1.12

`inconsolata-zi4' v1.12, 2019/05/17 Text macros for Inconsolata (msharpe)
(/usr/local/texlive/2025/texmf-dist/tex/latex/xkeyval/xkeyval.sty
Package: xkeyval 2022/06/16 v2.9 package option processing (HA)

(/usr/local/texlive/2025/texmf-dist/tex/generic/xkeyval/xkeyval.tex
(/usr/local/texlive/2025/texmf-dist/tex/generic/xkeyval/xkvutils.tex
\XKV@toks=\toks25
\XKV@tempa@toks=\toks26

(/usr/local/texlive/2025/texmf-dist/tex/generic/xkeyval/keyval.tex))
\XKV@depth=\count301
File: xkeyval.tex 2014/12/03 v2.7a key=value parser (HA)
))
\zifour@ocount=\count302
)
(/usr/local/texlive/2025/texmf-dist/tex/latex/graphics/color.sty
Package: color 2025/01/14 v1.3e Standard LaTeX Color (DPC)

(/usr/local/texlive/2025/texmf-dist/tex/latex/graphics-cfg/color.cfg
File: color.cfg 2016/01/02 v1.6 sample color configuration
)
Package color Info: Driver file: pdftex.def on input line 149.

(/usr/local/texlive/2025/texmf-dist/tex/latex/graphics-def/pdftex.def
File: pdftex.def 2025/09/29 v1.2d Graphics/color driver for pdftex
)
(/usr/local/texlive/2025/texmf-dist/tex/latex/graphics/mathcolor.ltx))
(/usr/local/texlive/2025/texmf-dist/tex/latex/hyperref/hyperref.sty
Package: hyperref 2025-07-12 v7.01o Hypertext links for LaTeX

(/usr/local/texlive/2025/texmf-dist/tex/latex/kvsetkeys/kvsetkeys.sty
Package: kvsetkeys 2022-10-05 v1.19 Key value parser (HO)
)
(/usr/local/texlive/2025/texmf-dist/tex/generic/kvdefinekeys/kvdefinekeys.sty
Package: kvdefinekeys 2019-12-19 v1.6 Define keys (HO)
)
(/usr/local/texlive/2025/texmf-dist/tex/generic/pdfescape/pdfescape.sty
Package: pdfescape 2019/12/09 v1.15 Implements pdfTeX's escape features (HO)

(/usr/local/texlive/2025/texmf-dist/tex/generic/ltxcmds/ltxcmds.sty
Package: ltxcmds 2023-12-04 v1.26 LaTeX kernel commands for general use (HO)
)
(/usr/local/texlive/2025/texmf-dist/tex/generic/pdftexcmds/pdftexcmds.sty
Package: pdftexcmds 2020-06-27 v0.33 Utility functions of pdfTeX for LuaTeX (HO
)

(/usr/local/texlive/2025/texmf-dist/tex/generic/infwarerr/infwarerr.sty
Package: infwarerr 2019/12/03 v1.5 Providing info/warning/error messages (HO)
)
Package pdftexcmds Info: \pdf@primitive is available.
Package pdftexcmds Info: \pdf@ifprimitive is available.
Package pdftexcmds Info: \pdfdraftmode found.
))
(/usr/local/texlive/2025/texmf-dist/tex/latex/hycolor/hycolor.sty
Package: hycolor 2020-01-27 v1.10 Color options for hyperref/bookmark (HO)
)
(/usr/local/texlive/2025/texmf-dist/tex/latex/hyperref/nameref.sty
Package: nameref 2025-06-21 v2.57 Cross-referencing by name of section

(/usr/local/texlive/2025/texmf-dist/tex/latex/refcount/refcount.sty
Package: refcount 2019/12/15 v3.6 Data extraction from label references (HO)
)
(/usr/local/texlive/2025/texmf-dist/tex/generic/gettitlestring/gettitlestring.s
ty
Package: gettitlestring 2019/12/15 v1.6 Cleanup title references (HO)
 (/usr/local/texlive/2025/texmf-dist/tex/latex/kvoptions/kvoptions.sty
Package: kvoptions 2022-06-15 v3.15 Key value format for package options (HO)
))
\c@section@level=\count303
)
(/usr/local/texlive/2025/texmf-dist/tex/latex/etoolbox/etoolbox.sty
Package: etoolbox 2025/10/02 v2.5m e-TeX tools for LaTeX (JAW)
\etb@tempcnta=\count304
)
(/usr/local/texlive/2025/texmf-dist/tex/generic/stringenc/stringenc.sty
Package: stringenc 2019/11/29 v1.12 Convert strings between diff. encodings (HO
)
)
\@linkdim=\dimen159
\Hy@linkcounter=\count305
\Hy@pagecounter=\count306

(/usr/local/texlive/2025/texmf-dist/tex/latex/hyperref/pd1enc.def
File: pd1enc.def 2025-07-12 v7.01o Hyperref: PDFDocEncoding definition (HO)
Now handling font encoding PD1 ...
... no UTF-8 mapping file for font encoding PD1
)
(/usr/local/texlive/2025/texmf-dist/tex/generic/intcalc/intcalc.sty
Package: intcalc 2019/12/15 v1.3 Expandable calculations with integers (HO)
)
\Hy@SavedSpaceFactor=\count307

(/usr/local/texlive/2025/texmf-dist/tex/latex/hyperref/puenc.def
File: puenc.def 2025-07-12 v7.01o Hyperref: PDF Unicode definition (HO)
Now handling font encoding PU ...
... no UTF-8 mapping file for font encoding PU
)
Package hyperref Info: Hyper figures OFF on input line 4195.
Package hyperref Info: Link nesting OFF on input line 4200.
Package hyperref Info: Hyper index ON on input line 4203.
Package hyperref Info: Plain pages OFF on input line 4210.
Package hyperref Info: Backreferencing OFF on input line 4215.
Package hyperref Info: Implicit mode ON; LaTeX internals redefined.
Package hyperref Info: Bookmarks ON on input line 4462.
\c@Hy@tempcnt=\count308
LaTeX Info: Redefining \url on input line 4801.
\XeTeXLinkMargin=\dimen160

(/usr/local/texlive/2025/texmf-dist/tex/generic/bitset/bitset.sty
Package: bitset 2019/12/09 v1.3 Handle bit-vector datatype (HO)

(/usr/local/texlive/2025/texmf-dist/tex/generic/bigintcalc/bigintcalc.sty
Package: bigintcalc 2019/12/15 v1.5 Expandable calculations on big integers (HO
)
))
\Fld@menulength=\count309
\Field@Width=\dimen161
\Fld@charsize=\dimen162
Package hyperref Info: Hyper figures OFF on input line 6078.
Package hyperref Info: Link nesting OFF on input line 6083.
Package hyperref Info: Hyper index ON on input line 6086.
Package hyperref Info: backreferencing OFF on input line 6093.
Package hyperref Info: Link coloring OFF on input line 6098.
Package hyperref Info: Link coloring with OCG OFF on input line 6103.
Package hyperref Info: PDF/A mode OFF on input line 6108.
\Hy@abspage=\count310
\c@Item=\count311
\c@Hfootnote=\count312
)
Package hyperref Info: Driver (autodetected): hpdftex.

(/usr/local/texlive/2025/texmf-dist/tex/latex/hyperref/hpdftex.def
File: hpdftex.def 2025-07-12 v7.01o Hyperref driver for pdfTeX
\Fld@listcount=\count313
\c@bookmark@seq@number=\count314

(/usr/local/texlive/2025/texmf-dist/tex/latex/rerunfilecheck/rerunfilecheck.sty
Package: rerunfilecheck 2025-06-21 v1.11 Rerun checks for auxiliary files (HO)

(/usr/local/texlive/2025/texmf-dist/tex/generic/uniquecounter/uniquecounter.sty
Package: uniquecounter 2019/12/15 v1.4 Provide unlimited unique counter (HO)
)
Package uniquecounter Info: New unique counter `rerunfilecheck' on input line 2
84.
)
\Hy@SectionHShift=\skip59
)
Package hyperref Info: Option `colorlinks' set `true' on input line 413.
Package hyperref Info: Option `linktocpage' set `true' on input line 413.
Package hyperref Info: Option `plainpages' set `false' on input line 413.
LaTeX Encoding Info:    Ignoring declaration for text command \textdegree (enco
ding ?) on input line 462.
LaTeX Encoding Info:    Ignoring declaration for text command \textonehalf (enc
oding ?) on input line 463.
LaTeX Encoding Info:    Ignoring declaration for text command \textonequarter (
encoding ?) on input line 464.
LaTeX Encoding Info:    Ignoring declaration for text command \textthreequarter
s (encoding ?) on input line 465.
LaTeX Encoding Info:    Ignoring declaration for text command \textcent (encodi
ng ?) on input line 466.
LaTeX Encoding Info:    Ignoring declaration for text command \textyen (encodin
g ?) on input line 467.
LaTeX Encoding Info:    Ignoring declaration for text command \textcurrency (en
coding ?) on input line 468.
LaTeX Encoding Info:    Ignoring declaration for text command \textbrokenbar (e
ncoding ?) on input line 469.
LaTeX Encoding Info:    Ignoring declaration for text command \texteuro (encodi
ng ?) on input line 470.
) (/usr/local/texlive/2025/texmf-dist/tex/latex/base/makeidx.sty
Package: makeidx 2021/10/04 v1.0m Standard LaTeX package
)
\@indexfile=\write3
\openout3 = `Rd2.idx'.


Writing index file Rd2.idx
LaTeX Font Info:    Trying to load font information for T1+ptm on input line 8.

(/usr/local/texlive/2025/texmf-dist/tex/latex/psnfss/t1ptm.fd
File: t1ptm.fd 2001/06/04 font definitions for T1/ptm.
)
(/usr/local/texlive/2025/texmf-dist/tex/latex/l3backend/l3backend-pdftex.def
File: l3backend-pdftex.def 2025-06-09 L3 backend support: PDF output (pdfTeX)
\l__color_backend_stack_int=\count315
)
(/tmp/RtmpEFng2C/Rd2pdf4d813982c9e0/Rd2.aux)
\openout1 = `Rd2.aux'.

LaTeX Font Info:    Checking defaults for OML/cmm/m/it on input line 8.
LaTeX Font Info:    ... okay on input line 8.
LaTeX Font Info:    Checking defaults for OMS/cmsy/m/n on input line 8.
LaTeX Font Info:    ... okay on input line 8.
LaTeX Font Info:    Checking defaults for OT1/cmr/m/n on input line 8.
LaTeX Font Info:    ... okay on input line 8.
LaTeX Font Info:    Checking defaults for T1/cmr/m/n on input line 8.
LaTeX Font Info:    ... okay on input line 8.
LaTeX Font Info:    Checking defaults for TS1/cmr/m/n on input line 8.
LaTeX Font Info:    ... okay on input line 8.
LaTeX Font Info:    Checking defaults for OMX/cmex/m/n on input line 8.
LaTeX Font Info:    ... okay on input line 8.
LaTeX Font Info:    Checking defaults for U/cmr/m/n on input line 8.
LaTeX Font Info:    ... okay on input line 8.
LaTeX Font Info:    Checking defaults for PD1/pdf/m/n on input line 8.
LaTeX Font Info:    ... okay on input line 8.
LaTeX Font Info:    Checking defaults for PU/pdf/m/n on input line 8.
LaTeX Font Info:    ... okay on input line 8.

(/usr/local/texlive/2025/texmf-dist/tex/context/base/mkii/supp-pdf.mkii
[Loading MPS to PDF converter (version 2006.09.02).]
\scratchcounter=\count316
\scratchdimen=\dimen163
\scratchbox=\box60
\nofMPsegments=\count317
\nofMParguments=\count318
\everyMPshowfont=\toks27
\MPscratchCnt=\count319
\MPscratchDim=\dimen164
\MPnumerator=\count320
\makeMPintoPDFobject=\count321
\everyMPtoPDFconversion=\toks28
)
Package hyperref Info: Link coloring ON on input line 8.
 (/tmp/RtmpEFng2C/Rd2pdf4d813982c9e0/Rd2.out)
(/tmp/RtmpEFng2C/Rd2pdf4d813982c9e0/Rd2.out)
\@outlinefile=\write4
\openout4 = `Rd2.out'.

LaTeX Font Info:    Trying to load font information for TS1+ptm on input line 2
2.

(/usr/local/texlive/2025/texmf-dist/tex/latex/psnfss/ts1ptm.fd
File: ts1ptm.fd 2001/06/04 font definitions for TS1/ptm.
)
LaTeX Font Info:    Trying to load font information for T1+zi4 on input line 33
.

(/usr/local/texlive/2025/texmf-dist/tex/latex/inconsolata/t1zi4.fd
File: t1zi4.fd 2018/01/14 T1/zi4 (Inconsolata)
)
LaTeX Font Info:    Font shape `T1/zi4/m/n' will be
(Font)              scaled to size 10.0pt on input line 33.
LaTeX Font Info:    Trying to load font information for U+msa on input line 33.


(/usr/local/texlive/2025/texmf-dist/tex/latex/amsfonts/umsa.fd
File: umsa.fd 2013/01/14 v3.01 AMS symbols A
)
LaTeX Font Info:    Trying to load font information for U+msb on input line 33.


(/usr/local/texlive/2025/texmf-dist/tex/latex/amsfonts/umsb.fd
File: umsb.fd 2013/01/14 v3.01 AMS symbols B
)
LaTeX Font Info:    Trying to load font information for U+rsfs on input line 33
.

(/usr/local/texlive/2025/texmf-dist/tex/latex/jknapltx/ursfs.fd
File: ursfs.fd 1998/03/24 rsfs font definition file (jk)
)

[1


{/usr/local/texlive/2025/texmf-var/fonts/map/pdftex/updmap/pdftex.map}{/usr/loc
al/texlive/2025/texmf-dist/fonts/enc/dvips/base/8r.enc}{/usr/local/texlive/2025
/texmf-dist/fonts/enc/dvips/inconsolata/i4-t1-0.enc}]
(/tmp/RtmpEFng2C/Rd2pdf4d813982c9e0/Rd2.toc

[2])
\tf@toc=\write5
\openout5 = `Rd2.toc'.



[3]
Overfull \hbox (22.93004pt too wide) in paragraph at lines 136--142
[]\T1/zi4/m/n/10 bdeb_fit()[]\T1/ptm/m/n/10 , []\T1/zi4/m/n/10 bdeb_diagnose()[
]\T1/ptm/m/n/10 , []\T1/zi4/m/n/10 bdeb_summary()[]\T1/ptm/m/n/10 , []\T1/zi4/m
/n/10 bdeb_ec50()[]\T1/ptm/m/n/10 , []\T1/zi4/m/n/10 bdeb_loo()[]\T1/ptm/m/n/10
 ,
 []


Overfull \hbox (71.04987pt too wide) in paragraph at lines 142--150
[]\T1/zi4/m/n/10 bdeb_prior_predictive()[]\T1/ptm/m/n/10 , []\T1/zi4/m/n/10 bde
b_predict(newdata=...)[]\T1/ptm/m/n/10 , []\T1/zi4/m/n/10 plot(fit, type="traje
ctory")
 []


Overfull \hbox (41.55064pt too wide) in paragraph at lines 159--166
[]\T1/zi4/m/n/10 bdeb_data()[]\T1/ptm/m/n/10 , []\T1/zi4/m/n/10 bdeb_model()[]\
T1/ptm/m/n/10 , []\T1/zi4/m/n/10 bdeb_fit()[]\T1/ptm/m/n/10 , []\T1/zi4/m/n/10 
bdeb_diagnose()[]\T1/ptm/m/n/10 , []\T1/zi4/m/n/10 bdeb_summary()[]\T1/ptm/m/n/
10 , []\T1/zi4/m/n/10 bdeb_derived()[]\T1/ptm/m/n/10 ,
 []


Overfull \hbox (41.88098pt too wide) in paragraph at lines 159--166
[]\T1/zi4/m/n/10 bdeb_ppc()[]\T1/ptm/m/n/10 , []\T1/zi4/m/n/10 bdeb_predict()[]
\T1/ptm/m/n/10 , []\T1/zi4/m/n/10 bdeb_loo()[]\T1/ptm/m/n/10 , []\T1/zi4/m/n/10
 bdeb_ec50()[]\T1/ptm/m/n/10 , []\T1/zi4/m/n/10 bdeb_tox()[]\T1/ptm/m/n/10 , []
\T1/zi4/m/n/10 bdeb_prior_predictive()[]\T1/ptm/m/n/10 ,
 []


Overfull \hbox (1.50914pt too wide) in paragraph at lines 159--166
[]\T1/zi4/m/n/10 plot_dose_response()[]\T1/ptm/m/n/10 , []\T1/zi4/m/n/10 coef()
[]\T1/ptm/m/n/10 , all prior and ob-ser-va-tion model con-struc-tors, []\T1/zi4
/m/n/10 arrhenius()[]\T1/ptm/m/n/10 ,
 []


Overfull \hbox (6.95695pt too wide) in paragraph at lines 168--170
[]\T1/zi4/m/n/10 "debtox" []\T1/ptm/m/n/10 (group-level, 1 ODE per con-cen-tra-
tion; hi-er-ar-chi-cal individual-level DEBtox
 []



[4]
Overfull \hbox (0.358pt too wide) in paragraph at lines 216--220
[]\T1/ptm/m/n/10 Vehtari, A., Gel-man, A., Simp-son, D., Car-pen-ter, B. and Bü
rkner, P.-C. (2021). Rank-normalization,
 []



[5]
LaTeX Font Info:    Font shape `T1/zi4/m/n' will be
(Font)              scaled to size 9.0pt on input line 278.


[6]

[7]

[8]

[9]
Overfull \hbox (0.358pt too wide) in paragraph at lines 520--524
[]\T1/ptm/m/n/10 Vehtari, A., Gel-man, A., Simp-son, D., Car-pen-ter, B. and Bü
rkner, P.-C. (2021). Rank-normalization,
 []



[10]
Overfull \hbox (0.27759pt too wide) in paragraph at lines 531--538
\T1/ptm/m/n/10 fit-ted DEBtox model. Both quan-ti-ties are com-puted an-a-lyt-i
-cally in the Stan \T1/zi4/m/n/10 generated quantities
 []



[11]
Overfull \hbox (1.27808pt too wide) in paragraph at lines 632--641
[]\T1/ptm/m/n/10 Number of threads per chain for within-chain par-al-lelism via
 Stan's []\T1/zi4/m/n/10 reduce_sum[]\T1/ptm/m/n/10 .
 []



[12]
Overfull \hbox (0.358pt too wide) in paragraph at lines 669--673
[]\T1/ptm/m/n/10 Vehtari, A., Gel-man, A., Simp-son, D., Car-pen-ter, B. and Bü
rkner, P.-C. (2021). Rank-normalization,
 []



[13]
Overfull \hbox (26.42935pt too wide) in paragraph at lines 713--722
[]\T1/ptm/m/n/10 and []\T1/zi4/m/n/10 "debtox" []\T1/ptm/m/n/10 mod-els do not 
store per-observation []\T1/zi4/m/n/10 log_lik []\T1/ptm/m/n/10 in \T1/zi4/m/n/
10 generated quantities\T1/ptm/m/n/10 : []\T1/zi4/m/n/10 "hierarchical"
 []



[14]
Overfull \hbox (0.60818pt too wide) in paragraph at lines 780--782
[]\T1/ptm/m/n/10 Named list of ob-ser-va-tion model specs for each end-point. D
e-fault: []\T1/zi4/m/n/10 list(growth
 []



[15]

[16]

[17]
Overfull \hbox (4.0477pt too wide) in paragraph at lines 966--970
\T1/ptm/m/n/10 Bayesian work-flow. \T1/ptm/m/it/10 Jour-nal of the Royal Sta-ti
s-ti-cal So-ci-ety: Se-ries A\T1/ptm/m/n/10 , 182(2), 389--402. [][]doi:10.1111
/
 []



[18]

[19]
Overfull \hbox (16.36723pt too wide) in paragraph at lines 1099--1101
[]\T1/ptm/b/n/10 Lifecycle: beta. \T1/ptm/m/n/10 Stress on as-sim-i-la-tion is 
im-ple-mented and tested; []\T1/zi4/m/n/10 "maintenance" []\T1/ptm/m/n/10 and [
]\T1/zi4/m/n/10 "growth_cost"
 []



[20]

[21]

[22]

[23]
LaTeX Font Info:    Trying to load font information for TS1+zi4 on input line 1
272.
 (/usr/local/texlive/2025/texmf-dist/tex/latex/inconsolata/ts1zi4.fd
File: ts1zi4.fd 2018/01/14 TS1/zi4 (Inconsolata)
)
LaTeX Font Info:    Font shape `TS1/zi4/m/n' will be
(Font)              scaled to size 10.0pt on input line 1272.


[24{/usr/local/texlive/2025/texmf-dist/fonts/enc/dvips/inconsolata/i4-ts1.enc}]


[25]

[26]

[27]

[28]

[29]
Overfull \hbox (3.25397pt too wide) in paragraph at lines 1640--1651
[]\T1/ptm/m/n/10 Simulated from the stan-dard DEB model (Kooi-j-man, 2010, Eqs.
 2.4--2.6) with pa-ram-e-ters: $\OMS/cmsy/m/n/10 f\OML/cmm/m/it/10 p[]\OMS/cmsy
/m/n/10 g \OT1/cmr/m/n/10 =
 []



[30]

[31]

[32]

[33]

[34]

[35]

[36]
Overfull \hbox (6.05867pt too wide) in paragraph at lines 2035--2037
[]\T1/ptm/m/n/10 External tox-i-cant con-cen-tra-tion (scalar; only for []\T1/z
i4/m/n/10 "debtox" []\T1/ptm/m/n/10 mod-
 []


Overfull \hbox (4.73735pt too wide) in paragraph at lines 2067--2072
[]\T1/ptm/m/n/10 Constructor func-tions for prior dis-tri-bu-tion ob-jects used
 in [][][]\T1/zi4/m/n/10 bdeb_model()[][][][]\T1/ptm/m/n/10 . Each re-turns a l
ightweight
 []



[37]

[38]

[39]
Overfull \hbox (17.63808pt too wide) in paragraph at lines 2232--2234
[]\T1/ptm/m/n/10 Character string: species name with un-der-score sep-a-ra-tor 
(e.g., []\T1/zi4/m/n/10 "Eisenia_fetida"[]\T1/ptm/m/n/10 ).
 []


Overfull \hbox (11.60883pt too wide) in paragraph at lines 2255--2257
[]\T1/ptm/m/n/10 Named list of []\T1/zi4/m/n/10 bdeb_prior []\T1/ptm/m/n/10 ob-
jects, suit-able for the []\T1/zi4/m/n/10 priors []\T1/ptm/m/n/10 ar-gu-ment of
 [][][]\T1/zi4/m/n/10 bdeb_model()[][][] []\T1/ptm/m/n/10 or [][][]\T1/zi4/m/n/
10 bdeb_tox()[][][][]\T1/ptm/m/n/10 . 
 []



[40]

[41] (/tmp/RtmpEFng2C/Rd2pdf4d813982c9e0/Rd2.ind

[42]

LaTeX Font Warning: Font shape `T1/zi4/m/it' undefined
(Font)              using `T1/zi4/m/n' instead on input line 32.



LaTeX Font Info:    Font shape `T1/zi4/m/it' will be
(Font)              scaled to size 10.0pt on input line 70.


[43

]



[44

]) (/tmp/RtmpEFng2C/Rd2pdf4d813982c9e0/Rd2.aux)
 ***********
LaTeX2e <2025-06-01> patch level 1
L3 programming layer <2025-09-02>
 ***********


LaTeX Font Warning: Some font shapes were not available, defaults substituted.

Package rerunfilecheck Info: File `Rd2.out' has not changed.
(rerunfilecheck)             Checksum: 12507AACD6F108C50D8001B5D9E00BAE;6007.
 ) 
Here is how much of TeX's memory you used:
 11050 strings out of 467748
 166610 string characters out of 5426964
 571738 words of memory out of 5000000
 39182 multiletter control sequences out of 15000+600000
 665165 words of font info for 86 fonts, out of 8000000 for 9000
 1141 hyphenation exceptions out of 8191
 92i,6n,95p,1071b,769s stack positions out of 10000i,1000n,20000p,200000b,200000s

pdfTeX warning (dest): name{Rfn.coef} has been referenced but does not exist, r
eplaced by a fixed one


pdfTeX warning (dest): name{Rfn.loo::loo\(\)} has been referenced but does not 
exist, replaced by a fixed one


pdfTeX warning (dest): name{Rfn.posterior::summarise.Rul.draws\(\)} has been re
ferenced but does not exist, replaced by a fixed one


pdfTeX warning (dest): name{Rfn.posterior::draws.Rul.df} has been referenced bu
t does not exist, replaced by a fixed one

</usr/local/texlive/2025/texmf-dist/fonts/type1/public/inconsolata/Inconsolata-
zi4r.pfb></usr/local/texlive/2025/texmf-dist/fonts/type1/public/amsfonts/cm/cme
x10.pfb></usr/local/texlive/2025/texmf-dist/fonts/type1/public/amsfonts/cm/cmmi
10.pfb></usr/local/texlive/2025/texmf-dist/fonts/type1/public/amsfonts/cm/cmmi7
.pfb></usr/local/texlive/2025/texmf-dist/fonts/type1/public/amsfonts/cm/cmr10.p
fb></usr/local/texlive/2025/texmf-dist/fonts/type1/public/amsfonts/cm/cmr7.pfb>
</usr/local/texlive/2025/texmf-dist/fonts/type1/public/amsfonts/cm/cmsy10.pfb><
/usr/local/texlive/2025/texmf-dist/fonts/type1/public/amsfonts/cm/cmsy7.pfb></u
sr/local/texlive/2025/texmf-dist/fonts/type1/urw/times/utmb8a.pfb></usr/local/t
exlive/2025/texmf-dist/fonts/type1/urw/times/utmr8a.pfb></usr/local/texlive/202
5/texmf-dist/fonts/type1/urw/times/utmr8a.pfb></usr/local/texlive/2025/texmf-di
st/fonts/type1/urw/times/utmri8a.pfb>
Output written on Rd2.pdf (44 pages, 267887 bytes).
PDF statistics:
 1084 PDF objects out of 1200 (max. 8388607)
 1002 compressed objects within 11 object streams
 385 named destinations out of 1000 (max. 500000)
 353 words of extra memory for PDF output out of 10000 (max. 10000000)

