BDEB_MODE = lite  (chains = 2, warmup = 300, sampling = 300)
ℹ BayesianDEB version: 0.2.0.9000
ℹ Output directory:    '/home/branimir/Documents/Projekti/BayesianDEB/replication/outputs'

── Section 5.1: Individual growth (simulated) ────────────────────────

--- prior_species('Eisenia_fetida') ---
$p_Am
→ lognormal(mu = 1.609, sigma = 0.3)

$p_M
→ lognormal(mu = -0.6931, sigma = 0.3)

$kappa
→ beta(a = 5, b = 2)

$v
→ lognormal(mu = -3.912, sigma = 0.5)

$E_G
→ lognormal(mu = 8.389, sigma = 0.3)

$E0
→ lognormal(mu = 0, sigma = 1)

$L0
→ lognormal(mu = -2, sigma = 1)

$sigma_L
→ halfnormal(sigma = 0.05)

ℹ Compiling Stan model: 'bdeb_individual_growth'
ℹ Running MCMC (2 chains, 300 iterations each)
Running MCMC with 2 parallel chains...

Chain 1 finished in 6.2 seconds.
Chain 2 finished in 6.5 seconds.

Both chains finished successfully.
Mean chain execution time: 6.4 seconds.
Total execution time: 6.7 seconds.

Warning: 1 of 600 (0.0%) transitions ended with a divergence.
See https://mc-stan.org/misc/warnings for details.


── BDEB Diagnostics (individual) ──

✖ Divergent transitions: 1
ℹ Consider: increase adapt_delta, reparameterise, or tighten priors.
✔ Treedepth OK.
✔ E-BFMI OK (all > 0.3).

── Parameter Summary 
✖ R-hat > 1.01 for: v
! Low bulk ESS (<400) for: v, E_G, sigma_L
    variable     mean       sd   median       5%      95%  rhat
        p_Am 5.18e+00 2.97e+00 4.46e+00 1.86e+00 1.09e+01 1.000
         p_M 5.61e-01 6.69e-01 3.56e-01 6.55e-02 1.73e+00 1.000
       kappa 5.93e-01 1.92e-01 5.98e-01 2.67e-01 8.89e-01 1.007
           v 2.67e-01 2.60e-01 1.97e-01 5.60e-02 7.10e-01 1.016
         E_G 5.32e+02 3.66e+02 4.52e+02 1.37e+02 1.22e+03 1.003
          E0 1.46e+00 1.65e+00 9.39e-01 2.13e-01 4.56e+00 0.997
          L0 1.16e-01 6.68e-03 1.16e-01 1.05e-01 1.27e-01 1.007
     sigma_L 1.31e-02 3.15e-03 1.26e-02 9.22e-03 1.96e-02 1.009
  x_sol[1,1] 2.35e-03 2.54e-03 1.49e-03 3.52e-04 7.07e-03 0.998
  x_sol[2,1] 4.52e-01 2.71e-01 3.83e-01 1.38e-01 1.01e+00 1.000
  x_sol[3,1] 8.76e-01 5.50e-01 7.33e-01 2.49e-01 1.99e+00 1.000
  x_sol[4,1] 1.30e+00 8.42e-01 1.09e+00 3.50e-01 3.03e+00 1.000
  x_sol[5,1] 1.73e+00 1.15e+00 1.46e+00 4.46e-01 4.08e+00 1.000
  x_sol[6,1] 2.18e+00 1.47e+00 1.84e+00 5.23e-01 5.10e+00 1.000
  x_sol[7,1] 2.64e+00 1.80e+00 2.21e+00 5.91e-01 6.17e+00 1.000
  x_sol[8,1] 3.12e+00 2.15e+00 2.61e+00 6.67e-01 7.41e+00 1.000
  x_sol[9,1] 3.62e+00 2.52e+00 2.98e+00 7.53e-01 8.60e+00 1.000
 x_sol[10,1] 4.14e+00 2.90e+00 3.43e+00 8.44e-01 9.83e+00 1.000
 x_sol[11,1] 4.69e+00 3.30e+00 3.88e+00 9.30e-01 1.11e+01 1.000
 x_sol[12,1] 5.25e+00 3.71e+00 4.36e+00 1.02e+00 1.24e+01 1.000
 x_sol[13,1] 5.83e+00 4.14e+00 4.80e+00 1.11e+00 1.38e+01 1.000
  x_sol[1,2] 1.57e-03 2.71e-04 1.55e-03 1.15e-03 2.05e-03 1.007
  x_sol[2,2] 1.60e-03 2.56e-04 1.59e-03 1.20e-03 2.06e-03 1.007
  x_sol[3,2] 1.68e-03 2.33e-04 1.67e-03 1.32e-03 2.10e-03 1.007
  x_sol[4,2] 1.78e-03 2.10e-04 1.77e-03 1.46e-03 2.14e-03 1.007
  x_sol[5,2] 1.89e-03 1.93e-04 1.88e-03 1.61e-03 2.22e-03 1.006
  x_sol[6,2] 2.02e-03 1.84e-04 2.01e-03 1.72e-03 2.31e-03 1.004
  x_sol[7,2] 2.15e-03 1.89e-04 2.14e-03 1.84e-03 2.48e-03 1.002
  x_sol[8,2] 2.29e-03 2.07e-04 2.28e-03 1.96e-03 2.64e-03 1.000
  x_sol[9,2] 2.43e-03 2.36e-04 2.42e-03 2.04e-03 2.82e-03 1.000
 x_sol[10,2] 2.58e-03 2.76e-04 2.56e-03 2.13e-03 3.06e-03 1.002
 x_sol[11,2] 2.73e-03 3.22e-04 2.72e-03 2.25e-03 3.30e-03 1.006
 x_sol[12,2] 2.89e-03 3.74e-04 2.86e-03 2.32e-03 3.57e-03 1.005
 x_sol[13,2] 3.06e-03 4.31e-04 3.02e-03 2.37e-03 3.84e-03 1.004
    L_hat[1] 1.16e-01 6.68e-03 1.16e-01 1.05e-01 1.27e-01 1.007
    L_hat[2] 1.17e-01 6.21e-03 1.17e-01 1.06e-01 1.27e-01 1.007
    L_hat[3] 1.19e-01 5.45e-03 1.19e-01 1.10e-01 1.28e-01 1.007
    L_hat[4] 1.21e-01 4.74e-03 1.21e-01 1.13e-01 1.29e-01 1.007
    L_hat[5] 1.24e-01 4.18e-03 1.23e-01 1.17e-01 1.30e-01 1.006
    L_hat[6] 1.26e-01 3.85e-03 1.26e-01 1.20e-01 1.32e-01 1.004
    L_hat[7] 1.29e-01 3.78e-03 1.29e-01 1.22e-01 1.35e-01 1.002
    L_hat[8] 1.32e-01 3.97e-03 1.32e-01 1.25e-01 1.38e-01 1.000
    L_hat[9] 1.34e-01 4.36e-03 1.34e-01 1.27e-01 1.41e-01 1.000
   L_hat[10] 1.37e-01 4.88e-03 1.37e-01 1.29e-01 1.45e-01 1.002
   L_hat[11] 1.40e-01 5.48e-03 1.40e-01 1.31e-01 1.49e-01 1.006
   L_hat[12] 1.42e-01 6.13e-03 1.42e-01 1.32e-01 1.53e-01 1.005
   L_hat[13] 1.45e-01 6.80e-03 1.44e-01 1.33e-01 1.57e-01 1.003
 ess_bulk ess_tail
      568      491
      531      305
      445      458
      337      296
      329      459
      456      311
      457      409
      394      300
      512      365
      574      461
      570      445
      566      401
      561      337
      556      337
      551      337
      550      336
      548      349
      545      365
      541      365
      548      335
      543      335
      457      409
      457      383
      468      443
      488      403
      528      403
      593      371
      685      193
      758      216
      777      314
      777      368
      761      359
      750      392
      734      307
      457      409
      457      383
      468      443
      488      403
      528      403
      593      371
      685      193
      758      216
      777      314
      777      368
      761      359
      750      392
      734      307

--- Section 5.1: Derived quantities (Table 3) ---
     variable     mean       sd       5%      95%
1         L_m 1.52e+01 3.61e+01 9.52e-01 4.88e+01
2       L_inf 1.52e+01 3.61e+01 9.52e-01 4.88e+01
3         k_M 1.79e-03 3.59e-03 1.25e-04 6.86e-03
4           g 8.86e+01 1.66e+02 3.08e+00 3.52e+02
5 growth_rate 5.42e-04 1.09e-03 4.09e-05 1.91e-03
ℹ Compiling Stan model: 'bdeb_individual_growth'
ℹ Running MCMC (2 chains, 300 iterations each)
Running MCMC with 2 parallel chains...

Chain 1 Informational Message: The current Metropolis proposal is about to be rejected because of the following issue:
Chain 1 Exception: ode_bdf_tol: ode parameters and data is inf, but must be finite! (in '/tmp/RtmpEtOw8s/model-e1db7b5807f0.stan', line 88, column 4 to line 91, column 46)
Chain 1 If this warning occurs sporadically, such as for highly constrained variable types like covariance matrices, then the sampler is fine,
Chain 1 but if this warning occurs often then your model may be either severely ill-conditioned or misspecified.
Chain 1 
Chain 2 Informational Message: The current Metropolis proposal is about to be rejected because of the following issue:
Chain 2 Exception: ode_bdf_tol: ode parameters and data is inf, but must be finite! (in '/tmp/RtmpEtOw8s/model-e1db7b5807f0.stan', line 88, column 4 to line 91, column 46)
Chain 2 If this warning occurs sporadically, such as for highly constrained variable types like covariance matrices, then the sampler is fine,
Chain 2 but if this warning occurs often then your model may be either severely ill-conditioned or misspecified.
Chain 2 
Chain 2 finished in 5.5 seconds.
Chain 1 finished in 6.1 seconds.

Both chains finished successfully.
Mean chain execution time: 5.8 seconds.
Total execution time: 6.2 seconds.

Warning: 1 of 600 (0.0%) transitions ended with a divergence.
See https://mc-stan.org/misc/warnings for details.


--- Section 5.1: LOO comparison ---
          elpd_diff se_diff
gaussian   0.0       0.0   
lognormal -0.6       0.9   

--- Section 5.1: Student-t observation model spec ---

── BDEB Model Specification ──

ℹ Type: individual
ℹ Stan model: bdeb_individual_growth
ℹ Individuals: 1
ℹ Endpoints: growth

── Priors 
→   p_Am: LogNormal(1.5, 0.5)
→   kappa: Beta(3.0, 2.0)
→   sigma_L: HalfNormal(0.05)
→   p_M: LogNormal(-1.0, 1.0)
→   v: LogNormal(-1.5, 1.0)
→   E_G: LogNormal(6.0, 1.0)
→   E0: LogNormal(0.0, 1.0)
→   L0: LogNormal(-2.0, 1.0)

── Section 5.2: Growth with reproduction (simulated) ─────────────────
ℹ Compiling Stan model: 'bdeb_growth_repro'
ℹ Running MCMC (2 chains, 300 iterations each)
Running MCMC with 2 parallel chains...

Chain 1 Informational Message: The current Metropolis proposal is about to be rejected because of the following issue:
Chain 1 Exception: ode_bdf_tol: ode parameters and data is inf, but must be finite! (in '/tmp/RtmpEtOw8s/model-e1db3d8e9940.stan', line 119, column 4 to line 122, column 63)
Chain 1 If this warning occurs sporadically, such as for highly constrained variable types like covariance matrices, then the sampler is fine,
Chain 1 but if this warning occurs often then your model may be either severely ill-conditioned or misspecified.
Chain 1 
Chain 2 Informational Message: The current Metropolis proposal is about to be rejected because of the following issue:
Chain 2 Exception: ode_bdf_tol: initial state[1] is inf, but must be finite! (in '/tmp/RtmpEtOw8s/model-e1db3d8e9940.stan', line 119, column 4 to line 122, column 63)
Chain 2 If this warning occurs sporadically, such as for highly constrained variable types like covariance matrices, then the sampler is fine,
Chain 2 but if this warning occurs often then your model may be either severely ill-conditioned or misspecified.
Chain 2 
Chain 2 Informational Message: The current Metropolis proposal is about to be rejected because of the following issue:
Chain 2 Exception: ode_bdf_tol: initial state[1] is inf, but must be finite! (in '/tmp/RtmpEtOw8s/model-e1db3d8e9940.stan', line 119, column 4 to line 122, column 63)
Chain 2 If this warning occurs sporadically, such as for highly constrained variable types like covariance matrices, then the sampler is fine,
Chain 2 but if this warning occurs often then your model may be either severely ill-conditioned or misspecified.
Chain 2 
Chain 2 Informational Message: The current Metropolis proposal is about to be rejected because of the following issue:
Chain 2 Exception: normal_lpdf: Scale parameter is 0, but must be positive! (in '/tmp/RtmpEtOw8s/model-e1db3d8e9940.stan', line 148, column 6 to column 50)
Chain 2 If this warning occurs sporadically, such as for highly constrained variable types like covariance matrices, then the sampler is fine,
Chain 2 but if this warning occurs often then your model may be either severely ill-conditioned or misspecified.
Chain 2 
Chain 2 Informational Message: The current Metropolis proposal is about to be rejected because of the following issue:
Chain 2 Exception: normal_lpdf: Scale parameter is 0, but must be positive! (in '/tmp/RtmpEtOw8s/model-e1db3d8e9940.stan', line 148, column 6 to column 50)
Chain 2 If this warning occurs sporadically, such as for highly constrained variable types like covariance matrices, then the sampler is fine,
Chain 2 but if this warning occurs often then your model may be either severely ill-conditioned or misspecified.
Chain 2 
Chain 2 Informational Message: The current Metropolis proposal is about to be rejected because of the following issue:
Chain 2 Exception: ode_bdf_tol: initial state[1] is inf, but must be finite! (in '/tmp/RtmpEtOw8s/model-e1db3d8e9940.stan', line 119, column 4 to line 122, column 63)
Chain 2 If this warning occurs sporadically, such as for highly constrained variable types like covariance matrices, then the sampler is fine,
Chain 2 but if this warning occurs often then your model may be either severely ill-conditioned or misspecified.
Chain 2 
Chain 2 Informational Message: The current Metropolis proposal is about to be rejected because of the following issue:
Chain 2 Exception: ode_bdf_tol: initial state[1] is inf, but must be finite! (in '/tmp/RtmpEtOw8s/model-e1db3d8e9940.stan', line 119, column 4 to line 122, column 63)
Chain 2 If this warning occurs sporadically, such as for highly constrained variable types like covariance matrices, then the sampler is fine,
Chain 2 but if this warning occurs often then your model may be either severely ill-conditioned or misspecified.
Chain 2 
Chain 1 finished in 1.4 seconds.
Chain 2 finished in 6.5 seconds.

Both chains finished successfully.
Mean chain execution time: 4.0 seconds.
Total execution time: 6.6 seconds.


--- Section 5.2: Diagnostics ---

── BDEB Diagnostics (growth_repro) ──

✔ No divergent transitions.
✔ Treedepth OK.
✔ E-BFMI OK (all > 0.3).

── Parameter Summary 
✖ R-hat > 1.01 for: p_Am, kappa, v, E_G, k_J, E_Hp, k_R, phi_R, x_sol[2,1], x_sol[3,1], x_sol[4,1], x_sol[5,1], x_sol[6,1], x_sol[7,1], x_sol[8,1], x_sol[9,1], x_sol[10,1], x_sol[11,1], x_sol[12,1], x_sol[13,1], x_sol[14,1], x_sol[15,1], x_sol[2,3], x_sol[3,3], x_sol[4,3], x_sol[5,3], x_sol[6,3], x_sol[7,3], x_sol[8,3], x_sol[9,3], x_sol[10,3], x_sol[11,3], x_sol[12,3], x_sol[13,3], x_sol[14,3], x_sol[15,3], R_hat[2], R_hat[3], R_hat[4], R_hat[5], R_hat[6], R_hat[7], R_hat[8], R_hat[9], R_hat[10], R_hat[11], R_hat[12], R_hat[13], R_hat[14], R_hat[15]
! Low bulk ESS (<400) for: p_Am, kappa, v, E_G, k_J, E_Hp, k_R, phi_R, x_sol[2,1], x_sol[3,1], x_sol[4,1], x_sol[5,1], x_sol[6,1], x_sol[7,1], x_sol[8,1], x_sol[9,1], x_sol[10,1], x_sol[11,1], x_sol[12,1], x_sol[13,1], x_sol[14,1], x_sol[15,1], x_sol[2,3], x_sol[3,3], x_sol[4,3], x_sol[5,3], x_sol[6,3], x_sol[7,3], x_sol[8,3], x_sol[9,3], x_sol[10,3], x_sol[11,3], x_sol[12,3], x_sol[13,3], x_sol[14,3], x_sol[15,3], R_hat[2], R_hat[3], R_hat[4], R_hat[5], R_hat[6], R_hat[7], R_hat[8], R_hat[9], R_hat[10], R_hat[11], R_hat[12], R_hat[13], R_hat[14], R_hat[15]
    variable     mean       sd   median       5%      95%  rhat
        p_Am 2.16e+00 8.72e-01 2.00e+00 9.95e-01 3.71e+00 1.527
         p_M 3.11e-01 9.12e-02 3.01e-01 1.82e-01 4.67e-01 0.998
       kappa 4.18e-01 2.52e-01 3.62e-01 1.08e-01 8.69e-01 1.489
           v 3.93e-02 3.61e-02 2.42e-02 5.85e-03 1.10e-01 1.808
         E_G 3.92e+03 1.66e+03 3.55e+03 1.85e+03 7.10e+03 1.408
         k_J 4.56e-02 6.70e-02 2.04e-02 2.64e-03 1.80e-01 1.473
        E_Hp 4.03e+01 2.89e+02 9.46e-02 2.07e-03 1.05e+02 1.799
          E0 1.73e+00 2.42e+00 1.02e+00 2.39e-01 5.72e+00 1.006
          L0 7.49e-02 4.06e-03 7.49e-02 6.79e-02 8.15e-02 1.009
     sigma_L 1.53e-02 3.14e-03 1.48e-02 1.12e-02 2.11e-02 1.000
         k_R 8.09e+01 1.17e+02 1.00e+01 1.02e-01 3.18e+02 1.827
       phi_R 4.45e-02 7.16e-02 3.81e-03 1.33e-07 1.84e-01 1.828
  x_sol[1,1] 7.55e-04 1.08e-03 4.46e-04 1.00e-04 2.60e-03 1.002
  x_sol[2,1] 2.51e-02 1.07e-02 2.31e-02 1.18e-02 4.61e-02 1.478
  x_sol[3,1] 4.93e-02 2.11e-02 4.52e-02 2.27e-02 8.89e-02 1.482
  x_sol[4,1] 7.34e-02 3.14e-02 6.73e-02 3.38e-02 1.31e-01 1.479
  x_sol[5,1] 9.73e-02 4.17e-02 8.95e-02 4.44e-02 1.73e-01 1.475
  x_sol[6,1] 1.21e-01 5.18e-02 1.12e-01 5.51e-02 2.15e-01 1.471
  x_sol[7,1] 1.45e-01 6.19e-02 1.34e-01 6.60e-02 2.58e-01 1.467
  x_sol[8,1] 1.69e-01 7.20e-02 1.56e-01 7.69e-02 3.00e-01 1.464
  x_sol[9,1] 1.92e-01 8.20e-02 1.78e-01 8.77e-02 3.42e-01 1.460
 x_sol[10,1] 2.16e-01 9.19e-02 2.00e-01 9.86e-02 3.84e-01 1.456
 x_sol[11,1] 2.39e-01 1.02e-01 2.21e-01 1.09e-01 4.26e-01 1.452
 x_sol[12,1] 2.62e-01 1.12e-01 2.43e-01 1.20e-01 4.68e-01 1.447
 x_sol[13,1] 2.85e-01 1.21e-01 2.64e-01 1.30e-01 5.09e-01 1.444
 x_sol[14,1] 3.09e-01 1.31e-01 2.86e-01 1.41e-01 5.51e-01 1.441
 x_sol[15,1] 3.32e-01 1.41e-01 3.07e-01 1.51e-01 5.92e-01 1.437
  x_sol[1,2] 4.23e-04 6.88e-05 4.21e-04 3.13e-04 5.41e-04 1.010
  x_sol[2,2] 4.23e-04 6.87e-05 4.21e-04 3.13e-04 5.40e-04 1.010
  x_sol[3,2] 4.23e-04 6.87e-05 4.20e-04 3.13e-04 5.40e-04 1.010
  x_sol[4,2] 4.23e-04 6.87e-05 4.20e-04 3.13e-04 5.40e-04 1.010
  x_sol[5,2] 4.23e-04 6.87e-05 4.20e-04 3.13e-04 5.40e-04 1.010
  x_sol[6,2] 4.23e-04 6.87e-05 4.20e-04 3.13e-04 5.40e-04 1.009
  x_sol[7,2] 4.23e-04 6.87e-05 4.20e-04 3.13e-04 5.40e-04 1.009
  x_sol[8,2] 4.23e-04 6.87e-05 4.20e-04 3.13e-04 5.40e-04 1.009
  x_sol[9,2] 4.23e-04 6.87e-05 4.20e-04 3.13e-04 5.40e-04 1.009
 x_sol[10,2] 4.23e-04 6.86e-05 4.20e-04 3.13e-04 5.40e-04 1.009
 x_sol[11,2] 4.23e-04 6.86e-05 4.20e-04 3.13e-04 5.40e-04 1.009
 x_sol[12,2] 4.23e-04 6.86e-05 4.20e-04 3.13e-04 5.40e-04 1.009
 x_sol[13,2] 4.23e-04 6.86e-05 4.20e-04 3.13e-04 5.40e-04 1.009
 x_sol[14,2] 4.23e-04 6.86e-05 4.20e-04 3.13e-04 5.40e-04 1.009
 x_sol[15,2] 4.23e-04 6.86e-05 4.20e-04 3.13e-04 5.40e-04 1.009
  x_sol[1,3] 3.38e-12 8.27e-11 0.00e+00 0.00e+00 0.00e+00 1.000
  x_sol[2,3] 7.32e-06 2.80e-05 0.00e+00 0.00e+00 3.75e-05 1.281
  x_sol[3,3] 5.67e-05 1.31e-04 0.00e+00 0.00e+00 2.69e-04 1.652
  x_sol[4,3] 1.75e-04 3.23e-04 0.00e+00 0.00e+00 7.82e-04 2.099
  x_sol[5,3] 3.74e-04 6.05e-04 0.00e+00 0.00e+00 1.56e-03 2.198
  x_sol[6,3] 6.50e-04 9.77e-04 1.74e-06 0.00e+00 2.53e-03 2.234
  x_sol[7,3] 1.00e-03 1.44e-03 4.08e-05 0.00e+00 3.73e-03 2.234
  x_sol[8,3] 1.43e-03 1.98e-03 1.54e-04 0.00e+00 5.24e-03 2.234
  x_sol[9,3] 1.92e-03 2.61e-03 2.27e-04 0.00e+00 6.88e-03 2.234
 x_sol[10,3] 2.47e-03 3.31e-03 3.14e-04 0.00e+00 8.62e-03 2.234
 x_sol[11,3] 3.09e-03 4.09e-03 4.14e-04 0.00e+00 1.07e-02 2.234
 x_sol[12,3] 3.76e-03 4.93e-03 5.27e-04 0.00e+00 1.29e-02 2.234
 x_sol[13,3] 4.49e-03 5.84e-03 6.52e-04 0.00e+00 1.52e-02 2.234
 x_sol[14,3] 5.27e-03 6.81e-03 7.90e-04 0.00e+00 1.76e-02 2.234
 x_sol[15,3] 6.10e-03 7.85e-03 9.40e-04 0.00e+00 2.03e-02 2.234
    L_hat[1] 7.49e-02 4.06e-03 7.49e-02 6.79e-02 8.15e-02 1.009
    L_hat[2] 7.49e-02 4.06e-03 7.49e-02 6.79e-02 8.15e-02 1.009
    L_hat[3] 7.49e-02 4.06e-03 7.49e-02 6.79e-02 8.15e-02 1.009
    L_hat[4] 7.49e-02 4.06e-03 7.49e-02 6.79e-02 8.14e-02 1.009
    L_hat[5] 7.48e-02 4.06e-03 7.49e-02 6.79e-02 8.14e-02 1.009
    L_hat[6] 7.48e-02 4.06e-03 7.49e-02 6.79e-02 8.14e-02 1.008
    L_hat[7] 7.48e-02 4.06e-03 7.49e-02 6.79e-02 8.14e-02 1.008
    L_hat[8] 7.48e-02 4.05e-03 7.49e-02 6.79e-02 8.14e-02 1.008
    L_hat[9] 7.48e-02 4.05e-03 7.49e-02 6.79e-02 8.14e-02 1.008
   L_hat[10] 7.48e-02 4.05e-03 7.49e-02 6.79e-02 8.14e-02 1.008
   L_hat[11] 7.49e-02 4.05e-03 7.49e-02 6.79e-02 8.14e-02 1.008
   L_hat[12] 7.49e-02 4.05e-03 7.49e-02 6.79e-02 8.14e-02 1.008
   L_hat[13] 7.49e-02 4.05e-03 7.49e-02 6.79e-02 8.14e-02 1.008
   L_hat[14] 7.49e-02 4.05e-03 7.49e-02 6.79e-02 8.14e-02 1.008
   L_hat[15] 7.49e-02 4.05e-03 7.49e-02 6.79e-02 8.14e-02 1.007
    R_hat[1] 3.38e-12 8.27e-11 0.00e+00 0.00e+00 0.00e+00 1.000
    R_hat[2] 7.32e-06 2.80e-05 0.00e+00 0.00e+00 3.75e-05 1.281
    R_hat[3] 5.67e-05 1.31e-04 0.00e+00 0.00e+00 2.69e-04 1.652
    R_hat[4] 1.75e-04 3.23e-04 0.00e+00 0.00e+00 7.82e-04 2.099
    R_hat[5] 3.74e-04 6.05e-04 0.00e+00 0.00e+00 1.56e-03 2.198
    R_hat[6] 6.50e-04 9.77e-04 1.74e-06 0.00e+00 2.53e-03 2.234
    R_hat[7] 1.00e-03 1.44e-03 4.08e-05 0.00e+00 3.73e-03 2.234
    R_hat[8] 1.43e-03 1.98e-03 1.54e-04 0.00e+00 5.24e-03 2.234
    R_hat[9] 1.92e-03 2.61e-03 2.27e-04 0.00e+00 6.88e-03 2.234
   R_hat[10] 2.47e-03 3.31e-03 3.14e-04 0.00e+00 8.62e-03 2.234
   R_hat[11] 3.09e-03 4.09e-03 4.14e-04 0.00e+00 1.07e-02 2.234
   R_hat[12] 3.76e-03 4.93e-03 5.27e-04 0.00e+00 1.29e-02 2.234
   R_hat[13] 4.49e-03 5.84e-03 6.52e-04 0.00e+00 1.52e-02 2.234
   R_hat[14] 5.27e-03 6.81e-03 7.90e-04 0.00e+00 1.76e-02 2.234
   R_hat[15] 6.10e-03 7.85e-03 9.40e-04 0.00e+00 2.03e-02 2.234
 ess_bulk ess_tail
     3.69   217.04
  1103.02   520.68
     3.89   245.06
     2.99    83.98
     4.33   225.96
     3.99   120.28
     3.05   133.30
   978.47   408.66
   726.27   369.03
   703.35   369.41
     2.98    88.30
     2.98    34.40
   973.35   389.88
     3.87    73.71
     3.85    93.80
     3.87    93.80
     3.89   109.19
     3.91    99.92
     3.92    99.92
     3.94    99.92
     3.96    99.92
     3.98    99.92
     4.00    99.92
     4.03    99.92
     4.05    99.92
     4.06   113.61
     4.09   113.61
   726.25   369.03
   726.12   369.03
   725.82   369.03
   725.68   369.03
   725.01   369.03
   724.32   369.03
   723.38   369.03
   723.32   369.03
   721.11   369.03
   720.36   369.03
   716.77   369.03
   714.33   369.03
   710.35   369.03
   708.13   369.03
   704.49   369.03
   608.16   608.16
     5.99     5.14
     3.36     2.78
     2.70     2.14
     2.63     2.08
     2.60     2.05
     2.60     2.05
     2.60     2.05
     2.60     2.05
     2.60     2.05
     2.60     2.05
     2.60     2.05
     2.60     2.05
     2.60     2.05
     2.60     2.05
   726.27   369.03
   726.12   369.03
   725.82   369.03
   725.68   369.03
   725.01   369.03
   724.30   369.03
   723.38   369.03
   723.32   369.03
   721.11   369.03
   720.36   369.03
   716.77   369.03
   714.33   369.03
   710.31   369.03
   708.08   369.03
   704.46   369.03
   608.16   608.16
     5.99     5.14
     3.36     2.78
     2.70     2.14
     2.63     2.08
     2.60     2.05
     2.60     2.05
     2.60     2.05
     2.60     2.05
     2.60     2.05
     2.60     2.05
     2.60     2.05
     2.60     2.05
     2.60     2.05
     2.60     2.05

--- Section 5.2: Posterior summary ---
  variable    mean       sd   median       5%      95%  rhat ess_bulk
1     p_Am  2.1646 8.72e-01  2.00348 9.95e-01   3.7111 1.527     3.69
2      p_M  0.3106 9.12e-02  0.30105 1.82e-01   0.4672 0.998  1103.02
3    kappa  0.4183 2.52e-01  0.36247 1.08e-01   0.8693 1.489     3.89
4      k_J  0.0456 6.70e-02  0.02037 2.64e-03   0.1802 1.473     3.99
5      k_R 80.8883 1.17e+02  9.99958 1.02e-01 318.4724 1.827     2.98
6    phi_R  0.0445 7.16e-02  0.00381 1.33e-07   0.1837 1.828     2.98
7  sigma_L  0.0153 3.14e-03  0.01481 1.12e-02   0.0211 1.000   703.35
  ess_tail
1    217.0
2    520.7
3    245.1
4    120.3
5     88.3
6     34.4
7    369.4

── Section 5.3: Hierarchical model ───────────────────────────────────
! Skipping 5.3 in BDEB_MODE=lite: hierarchical fit on 21 individuals requires longer warmup to adapt; reliable results need BDEB_MODE=full (set Sys.setenv(BDEB_MODE = 'full')).

── Section 5.4: DEBtox -- Cd toxicity ────────────────────────────────
✔ Saved '/home/branimir/Documents/Projekti/BayesianDEB/replication/outputs/fig_debtox_rawdata.pdf'
ℹ Compiling Stan model: 'bdeb_debtox'
ℹ Running MCMC (2 chains, 300 iterations each)
Running MCMC with 2 parallel chains...

Chain 2 Rejecting initial value:
Chain 2   Error evaluating the log probability at the initial value.
Chain 2 Exception: Exception: CVode(cvodes_mem, t_final, nv_state_, &t_init, CV_NORMAL) failed with error flag -4: 
Chain 2 Exception: Exception: CVode(cvodes_mem, t_final, nv_state_, &t_init, CV_NORMAL) failed with error flag -4: 
Chain 2 Convergence test failures occurred too many times during one internal time step or minimum step size was reached. (in '/tmp/Rtmp7cC3qb/model-101b9e035d6d.stan', line 72, column 6 to line 78, column 8) (in '/tmp/Rtmp7cC3qb/model-101b9e035d6d.stan', line 206, column 2 to line 213, column 59)
Chain 2 Rejecting initial value:
Chain 2   Error evaluating the log probability at the initial value.
Chain 2 Exception: Exception: CVode(cvodes_mem, t_final, nv_state_, &t_init, CV_NORMAL) failed with error flag -4: 
Chain 2 Exception: Exception: CVode(cvodes_mem, t_final, nv_state_, &t_init, CV_NORMAL) failed with error flag -4: 
Chain 2 Convergence test failures occurred too many times during one internal time step or minimum step size was reached. (in '/tmp/Rtmp7cC3qb/model-101b9e035d6d.stan', line 72, column 6 to line 78, column 8) (in '/tmp/Rtmp7cC3qb/model-101b9e035d6d.stan', line 206, column 2 to line 213, column 59)
Chain 2 Informational Message: The current Metropolis proposal is about to be rejected because of the following issue:
Chain 2 Exception: Exception: CVode(cvodes_mem, t_final, nv_state_, &t_init, CV_NORMAL) failed with error flag -4: 
Chain 2 Convergence test failures occurred too many times during one internal time step or minimum step size was reached. (in '/tmp/Rtmp7cC3qb/model-101b9e035d6d.stan', line 72, column 6 to line 78, column 8) (in '/tmp/Rtmp7cC3qb/model-101b9e035d6d.stan', line 206, column 2 to line 213, column 59)
Chain 2 If this warning occurs sporadically, such as for highly constrained variable types like covariance matrices, then the sampler is fine,
Chain 2 but if this warning occurs often then your model may be either severely ill-conditioned or misspecified.
Chain 2 
Chain 1 Informational Message: The current Metropolis proposal is about to be rejected because of the following issue:
Chain 1 Exception: Exception: CVode(cvodes_mem, t_final, nv_state_, &t_init, CV_NORMAL) failed with error flag -1: 
Chain 1 The solver took mxstep internal steps but could not reach tout. (in '/tmp/Rtmp7cC3qb/model-101b9e035d6d.stan', line 72, column 6 to line 78, column 8) (in '/tmp/Rtmp7cC3qb/model-101b9e035d6d.stan', line 206, column 2 to line 213, column 59)
Chain 1 If this warning occurs sporadically, such as for highly constrained variable types like covariance matrices, then the sampler is fine,
Chain 1 but if this warning occurs often then your model may be either severely ill-conditioned or misspecified.
Chain 1 
Chain 1 Informational Message: The current Metropolis proposal is about to be rejected because of the following issue:
Chain 1 Exception: Exception: CVode(cvodes_mem, t_final, nv_state_, &t_init, CV_NORMAL) failed with error flag -1: 
Chain 1 The solver took mxstep internal steps but could not reach tout. (in '/tmp/Rtmp7cC3qb/model-101b9e035d6d.stan', line 72, column 6 to line 78, column 8) (in '/tmp/Rtmp7cC3qb/model-101b9e035d6d.stan', line 206, column 2 to line 213, column 59)
Chain 1 If this warning occurs sporadically, such as for highly constrained variable types like covariance matrices, then the sampler is fine,
Chain 1 but if this warning occurs often then your model may be either severely ill-conditioned or misspecified.
Chain 1 
