\BOOKMARK [1][-]{Section.0.Introduction.1}{\376\377\000I\000n\000t\000r\000o\000d\000u\000c\000t\000i\000o\000n}{}% 1
\BOOKMARK [1][-]{Section.1.DEB theory and model formulation.1}{\376\377\000D\000E\000B\000\040\000t\000h\000e\000o\000r\000y\000\040\000a\000n\000d\000\040\000m\000o\000d\000e\000l\000\040\000f\000o\000r\000m\000u\000l\000a\000t\000i\000o\000n}{}% 2
\BOOKMARK [2][-]{Subsection.2.0.Standard DEB: growth.2}{\376\377\000S\000t\000a\000n\000d\000a\000r\000d\000\040\000D\000E\000B\000:\000\040\000g\000r\000o\000w\000t\000h}{Section.1.DEB theory and model formulation.1}% 3
\BOOKMARK [2][-]{Subsection.2.1.Growth with reproduction.2}{\376\377\000G\000r\000o\000w\000t\000h\000\040\000w\000i\000t\000h\000\040\000r\000e\000p\000r\000o\000d\000u\000c\000t\000i\000o\000n}{Section.1.DEB theory and model formulation.1}% 4
\BOOKMARK [2][-]{Subsection.2.2.DEBtox: toxicokinetic-toxicodynamic extension.2}{\376\377\000D\000E\000B\000t\000o\000x\000:\000\040\000t\000o\000x\000i\000c\000o\000k\000i\000n\000e\000t\000i\000c\000-\000t\000o\000x\000i\000c\000o\000d\000y\000n\000a\000m\000i\000c\000\040\000e\000x\000t\000e\000n\000s\000i\000o\000n}{Section.1.DEB theory and model formulation.1}% 5
\BOOKMARK [2][-]{Subsection.2.3.Arrhenius temperature correction.2}{\376\377\000A\000r\000r\000h\000e\000n\000i\000u\000s\000\040\000t\000e\000m\000p\000e\000r\000a\000t\000u\000r\000e\000\040\000c\000o\000r\000r\000e\000c\000t\000i\000o\000n}{Section.1.DEB theory and model formulation.1}% 6
\BOOKMARK [2][-]{Subsection.2.4.Hierarchical structure.2}{\376\377\000H\000i\000e\000r\000a\000r\000c\000h\000i\000c\000a\000l\000\040\000s\000t\000r\000u\000c\000t\000u\000r\000e}{Section.1.DEB theory and model formulation.1}% 7
\BOOKMARK [1][-]{Section.2.Bayesian state-space formulation.1}{\376\377\000B\000a\000y\000e\000s\000i\000a\000n\000\040\000s\000t\000a\000t\000e\000-\000s\000p\000a\000c\000e\000\040\000f\000o\000r\000m\000u\000l\000a\000t\000i\000o\000n}{}% 8
\BOOKMARK [2][-]{Subsection.3.0.Process model.2}{\376\377\000P\000r\000o\000c\000e\000s\000s\000\040\000m\000o\000d\000e\000l}{Section.2.Bayesian state-space formulation.1}% 9
\BOOKMARK [2][-]{Subsection.3.1.Observation model.2}{\376\377\000O\000b\000s\000e\000r\000v\000a\000t\000i\000o\000n\000\040\000m\000o\000d\000e\000l}{Section.2.Bayesian state-space formulation.1}% 10
\BOOKMARK [2][-]{Subsection.3.2.Prior model.2}{\376\377\000P\000r\000i\000o\000r\000\040\000m\000o\000d\000e\000l}{Section.2.Bayesian state-space formulation.1}% 11
\BOOKMARK [2][-]{Subsection.3.3.Joint posterior.2}{\376\377\000J\000o\000i\000n\000t\000\040\000p\000o\000s\000t\000e\000r\000i\000o\000r}{Section.2.Bayesian state-space formulation.1}% 12
\BOOKMARK [2][-]{Subsection.3.4.Hierarchical extension.2}{\376\377\000H\000i\000e\000r\000a\000r\000c\000h\000i\000c\000a\000l\000\040\000e\000x\000t\000e\000n\000s\000i\000o\000n}{Section.2.Bayesian state-space formulation.1}% 13
\BOOKMARK [1][-]{Section.3.BayesianDEB: software design.1}{\376\377\000B\000a\000y\000e\000s\000i\000a\000n\000D\000E\000B\000:\000\040\000s\000o\000f\000t\000w\000a\000r\000e\000\040\000d\000e\000s\000i\000g\000n}{}% 14
\BOOKMARK [2][-]{Subsection.4.0.Architecture.2}{\376\377\000A\000r\000c\000h\000i\000t\000e\000c\000t\000u\000r\000e}{Section.3.BayesianDEB: software design.1}% 15
\BOOKMARK [2][-]{Subsection.4.1.Workflow.2}{\376\377\000W\000o\000r\000k\000f\000l\000o\000w}{Section.3.BayesianDEB: software design.1}% 16
\BOOKMARK [2][-]{Subsection.4.2.Observation models.2}{\376\377\000O\000b\000s\000e\000r\000v\000a\000t\000i\000o\000n\000\040\000m\000o\000d\000e\000l\000s}{Section.3.BayesianDEB: software design.1}% 17
\BOOKMARK [2][-]{Subsection.4.3.Temperature correction.2}{\376\377\000T\000e\000m\000p\000e\000r\000a\000t\000u\000r\000e\000\040\000c\000o\000r\000r\000e\000c\000t\000i\000o\000n}{Section.3.BayesianDEB: software design.1}% 18
\BOOKMARK [2][-]{Subsection.4.4.Within-chain parallelism.2}{\376\377\000W\000i\000t\000h\000i\000n\000-\000c\000h\000a\000i\000n\000\040\000p\000a\000r\000a\000l\000l\000e\000l\000i\000s\000m}{Section.3.BayesianDEB: software design.1}% 19
\BOOKMARK [2][-]{Subsection.4.5.Testing.2}{\376\377\000T\000e\000s\000t\000i\000n\000g}{Section.3.BayesianDEB: software design.1}% 20
\BOOKMARK [1][-]{Section.4.Illustrations.1}{\376\377\000I\000l\000l\000u\000s\000t\000r\000a\000t\000i\000o\000n\000s}{}% 21
\BOOKMARK [2][-]{Subsection.5.0.Individual growth: Eisenia fetida.2}{\376\377\000I\000n\000d\000i\000v\000i\000d\000u\000a\000l\000\040\000g\000r\000o\000w\000t\000h\000:\000\040\000E\000i\000s\000e\000n\000i\000a\000\040\000f\000e\000t\000i\000d\000a}{Section.4.Illustrations.1}% 22
\BOOKMARK [2][-]{Subsection.5.1.Growth with reproduction: Folsomia candida.2}{\376\377\000G\000r\000o\000w\000t\000h\000\040\000w\000i\000t\000h\000\040\000r\000e\000p\000r\000o\000d\000u\000c\000t\000i\000o\000n\000:\000\040\000F\000o\000l\000s\000o\000m\000i\000a\000\040\000c\000a\000n\000d\000i\000d\000a}{Section.4.Illustrations.1}% 23
\BOOKMARK [2][-]{Subsection.5.2.Hierarchical model.2}{\376\377\000H\000i\000e\000r\000a\000r\000c\000h\000i\000c\000a\000l\000\040\000m\000o\000d\000e\000l}{Section.4.Illustrations.1}% 24
\BOOKMARK [2][-]{Subsection.5.3.DEBtox analysis.2}{\376\377\000D\000E\000B\000t\000o\000x\000\040\000a\000n\000a\000l\000y\000s\000i\000s}{Section.4.Illustrations.1}% 25
\BOOKMARK [1][-]{Section.5.Validation.1}{\376\377\000V\000a\000l\000i\000d\000a\000t\000i\000o\000n}{}% 26
\BOOKMARK [2][-]{Subsection.6.0.Simulation-based calibration.2}{\376\377\000S\000i\000m\000u\000l\000a\000t\000i\000o\000n\000-\000b\000a\000s\000e\000d\000\040\000c\000a\000l\000i\000b\000r\000a\000t\000i\000o\000n}{Section.5.Validation.1}% 27
\BOOKMARK [2][-]{Subsection.6.1.Posterior correlation structure and identifiability.2}{\376\377\000P\000o\000s\000t\000e\000r\000i\000o\000r\000\040\000c\000o\000r\000r\000e\000l\000a\000t\000i\000o\000n\000\040\000s\000t\000r\000u\000c\000t\000u\000r\000e\000\040\000a\000n\000d\000\040\000i\000d\000e\000n\000t\000i\000f\000i\000a\000b\000i\000l\000i\000t\000y}{Section.5.Validation.1}% 28
\BOOKMARK [1][-]{Section.6.Case studies.1}{\376\377\000C\000a\000s\000e\000\040\000s\000t\000u\000d\000i\000e\000s}{}% 29
\BOOKMARK [2][-]{Subsection.7.0.Real data: Eisenia fetida growth.2}{\376\377\000R\000e\000a\000l\000\040\000d\000a\000t\000a\000:\000\040\000E\000i\000s\000e\000n\000i\000a\000\040\000f\000e\000t\000i\000d\000a\000\040\000g\000r\000o\000w\000t\000h}{Section.6.Case studies.1}% 30
\BOOKMARK [1][-]{Section.7.Diagnostic tools and computational performance.1}{\376\377\000D\000i\000a\000g\000n\000o\000s\000t\000i\000c\000\040\000t\000o\000o\000l\000s\000\040\000a\000n\000d\000\040\000c\000o\000m\000p\000u\000t\000a\000t\000i\000o\000n\000a\000l\000\040\000p\000e\000r\000f\000o\000r\000m\000a\000n\000c\000e}{}% 31
\BOOKMARK [2][-]{Subsection.8.0.Diagnostic visualisations.2}{\376\377\000D\000i\000a\000g\000n\000o\000s\000t\000i\000c\000\040\000v\000i\000s\000u\000a\000l\000i\000s\000a\000t\000i\000o\000n\000s}{Section.7.Diagnostic tools and computational performance.1}% 32
\BOOKMARK [2][-]{Subsection.8.1.Computational performance.2}{\376\377\000C\000o\000m\000p\000u\000t\000a\000t\000i\000o\000n\000a\000l\000\040\000p\000e\000r\000f\000o\000r\000m\000a\000n\000c\000e}{Section.7.Diagnostic tools and computational performance.1}% 33
\BOOKMARK [1][-]{Section.8.Comparison with existing software.1}{\376\377\000C\000o\000m\000p\000a\000r\000i\000s\000o\000n\000\040\000w\000i\000t\000h\000\040\000e\000x\000i\000s\000t\000i\000n\000g\000\040\000s\000o\000f\000t\000w\000a\000r\000e}{}% 34
\BOOKMARK [1][-]{Section.9.Discussion.1}{\376\377\000D\000i\000s\000c\000u\000s\000s\000i\000o\000n}{}% 35
\BOOKMARK [1][-]{Section.10.Current limitations and future work.1}{\376\377\000C\000u\000r\000r\000e\000n\000t\000\040\000l\000i\000m\000i\000t\000a\000t\000i\000o\000n\000s\000\040\000a\000n\000d\000\040\000f\000u\000t\000u\000r\000e\000\040\000w\000o\000r\000k}{}% 36
\BOOKMARK [1][-]{Section.11.Summary.1}{\376\377\000S\000u\000m\000m\000a\000r\000y}{}% 37
